// Jest Snapshot v1, https://goo.gl/fbAQLP

exports[`Table matches snapshot 1`] = `
<TableContainer
  flexibleColumns={true}
>
  <thead>
    <tr>
      <TableHeading
        key="0"
        name="heading"
        verticalAlign="top"
      >
        Heading 1
      </TableHeading>
      <TableHeading
        key="1"
        name="heading"
        verticalAlign="top"
      >
        Heading 2
      </TableHeading>
      <TableHeading
        key="2"
        name="heading"
        verticalAlign="top"
      >
        Heading 3
      </TableHeading>
      <TableHeading
        key="3"
        name="heading"
        verticalAlign="top"
      >
        Heading 4
      </TableHeading>
    </tr>
  </thead>
  <tbody>
    <tr
      key="0"
    >
      <TableData
        key="0"
        verticalAlign="top"
      >
        Content 1-1
      </TableData>
      <TableData
        key="1"
        verticalAlign="top"
      >
        Content 1-2
      </TableData>
      <TableData
        key="2"
        verticalAlign="top"
      >
        Content 1-3
      </TableData>
      <TableData
        key="3"
        verticalAlign="top"
      >
        Content 1-4
      </TableData>
    </tr>
    <tr
      key="1"
    >
      <TableData
        key="0"
        verticalAlign="top"
      >
        Content 2-1
      </TableData>
      <TableData
        key="1"
        verticalAlign="top"
      >
        Content 2-2
      </TableData>
      <TableData
        key="2"
        verticalAlign="top"
      >
        Content 2-3
      </TableData>
      <TableData
        key="3"
        verticalAlign="top"
      >
        Content 2-4
      </TableData>
    </tr>
    <tr
      key="2"
    >
      <TableData
        key="0"
        verticalAlign="top"
      >
        Content 3-1
      </TableData>
      <TableData
        key="1"
        verticalAlign="top"
      >
        Content 3-2
      </TableData>
      <TableData
        key="2"
        verticalAlign="top"
      >
        Content 3-3
      </TableData>
      <TableData
        key="3"
        verticalAlign="top"
      >
        Content 3-4
      </TableData>
    </tr>
  </tbody>
</TableContainer>
`;
