// Jest Snapshot v1, https://goo.gl/fbAQLP

exports[`Table matches snapshot 1`] = `
<TableContainer
  flexibleColumns={true}
  name="name"
>
  <thead>
    <tr>
      <TableHeading
        key="0"
        name="one"
        verticalAlign="baseline"
      >
        Heading 4
      </TableHeading>
    </tr>
  </thead>
  <tbody>
    <tr
      key="0"
    >
      <TableHeading
        columnCount={1}
        key="0"
        name="one"
        rowHeading={true}
        verticalAlign="baseline"
      >
        Content 1-4
      </TableHeading>
    </tr>
    <tr
      key="1"
    >
      <TableHeading
        columnCount={1}
        key="0"
        name="two"
        rowHeading={true}
        verticalAlign="baseline"
      >
        Content 2-4
      </TableHeading>
    </tr>
    <tr
      key="2"
    >
      <TableHeading
        columnCount={1}
        key="0"
        name="three"
        rowHeading={true}
        verticalAlign="baseline"
      >
        Content 3-4
      </TableHeading>
    </tr>
  </tbody>
</TableContainer>
`;
